 === DEBUG: Nikkhoo & Walter (2015) Triangular Dislocation ===
 Input Parameters:
   Calculation point: ( -0.33333333333333331      , -0.33333333333333331      ,  -4.6666666666666670      )
   Triangle vertices:
     P1 = (  -1.0000000000000000      ,  -1.0000000000000000      ,  -5.0000000000000000      )
     P2 = (   1.0000000000000000      ,  -1.0000000000000000      ,  -5.0000000000000000      )
     P3 = (  -1.0000000000000000      ,   1.0000000000000000      ,  -4.0000000000000000      )
   Slip components: SS =   1.0000000000000000      , DS =  -1.0000000000000000      , TS =   2.0000000000000000     
   Elastic parameters: mu =   30000000000.000000      , lambda =   30000000000.000000     
   Poisson ratio: nu =  0.25000000000000000     
   Slip vector: (   2.0000000000000000      ,   1.0000000000000000      ,  -1.0000000000000000      )
 
 === Coordinate System Vectors ===
   vnorm = (   0.0000000000000000      , -0.44721359549995793      ,  0.89442719099991586      )
   vstrike = (   1.0000000000000000      ,   0.0000000000000000      ,  -0.0000000000000000      )
   vdip = (   0.0000000000000000      ,  0.89442719099991586      ,  0.44721359549995793      )
 
 === Transformation Matrix A (EFCS to TDCS) ===
   A(1,:) = (   0.0000000000000000      , -0.44721359549995793      ,  0.89442719099991586      )
   A(2,:) = (   1.0000000000000000      ,   0.0000000000000000      ,  -0.0000000000000000      )
   A(3,:) = (   0.0000000000000000      ,  0.89442719099991586      ,  0.44721359549995793      )
 
 === TDCS Coordinates ===
   Calculation point: (  0.66666666666666674      ,  0.89442719099991552      ,  -1.0434983894999019      )
   Triangle vertices:
     p1_td = (   0.0000000000000000      ,  0.89442719099991586      ,  -1.7888543819998317      )
     p2_td = (   0.0000000000000000      ,   0.0000000000000000      ,   0.0000000000000000      )
     p3_td = (   2.0000000000000000      ,   1.7888543819998317      ,  -1.3416407864998738      )
 
 === Unit Vectors Along TD Sides ===
   e12 = (   0.0000000000000000      , -0.44721359549995798      ,  0.89442719099991597      )
   e13 = (  0.89442719099991586      ,  0.39999999999999997      ,  0.19999999999999996      )
   e23 = (  0.66666666666666663      ,  0.59628479399994394      , -0.44721359549995793      )
 
 === Triangle Angles ===
   A_angle =   1.5707963267948966      rad =   90.000000000000000      deg
   B_angle =  0.84106867056793011      rad =   48.189685104221397      deg
   C_angle =  0.72972765622696656      rad =   41.810314895778617      deg
 
 === Configuration ===
   trimode =           1
   casep_log = T
   casen_log = F
   casez_log = F
 
 === Calling tdstress_hs ===
 === DEBUG tdstress_fs START ===
 Input: x= -0.33333333333333331      y= -0.33333333333333331      z=  -4.6666666666666670     
 P1=  -1.0000000000000000       -1.0000000000000000       -5.0000000000000000      P2=   1.0000000000000000       -1.0000000000000000       -5.0000000000000000      P3=  -1.0000000000000000        1.0000000000000000       -4.0000000000000000     
 ss=   1.0000000000000000      ds=  -1.0000000000000000      ts=   2.0000000000000000     
 Triangle vertices being used:
   P1 = (  -1.0000000000000000      ,  -1.0000000000000000      ,  -5.0000000000000000      )
   P2 = (   1.0000000000000000      ,  -1.0000000000000000      ,  -5.0000000000000000      )
   P3 = (  -1.0000000000000000      ,   1.0000000000000000      ,  -4.0000000000000000      )
 mu=   30000000000.000000      lambda=   30000000000.000000     
 nu =  0.25000000000000000     
 Slip vector: bx=   2.0000000000000000      by=   1.0000000000000000      bz=  -1.0000000000000000     
 vnorm =   0.0000000000000000      -0.44721359549995793       0.89442719099991586     
 vstrike =   1.0000000000000000        0.0000000000000000       -0.0000000000000000     
 vdip =   0.0000000000000000       0.89442719099991586       0.44721359549995793     
 Transformation matrix A:
 A(1,:) =   0.0000000000000000        1.0000000000000000        0.0000000000000000     
 A(2,:) = -0.44721359549995793        0.0000000000000000       0.89442719099991586     
 A(3,:) =  0.89442719099991586       -0.0000000000000000       0.44721359549995793     
 TDCS coordinates:
 Calculation point: x_td=  -2.8330736009012839E-016 y_td=  -1.3333333333333333      z_td=  0.74535599249992979     
 p1_td =   0.0000000000000000       -2.0000000000000000        0.0000000000000000     
 p2_td =   0.0000000000000000        0.0000000000000000        0.0000000000000000     
 p3_td =   0.0000000000000000       -2.0000000000000000        2.2360679774997898     
 Unit vectors along TD sides:
 e12 =   0.0000000000000000        1.0000000000000000        0.0000000000000000     
 e13 =   0.0000000000000000        0.0000000000000000        1.0000000000000000     
 e23 =   0.0000000000000000      -0.66666666666666663       0.74535599249992990     
 Triangle angles:
 A_angle =   1.5707963267948966      rad =   90.000000000000000      deg
 B_angle =  0.84106867056793033      rad =   48.189685104221404      deg
 C_angle =  0.72972765622696634      rad =   41.810314895778596      deg
 Configuration:
 trimode =           0
 casep_log = F
 casen_log = F
 casez_log = T
 tdsetup_s: side_vec =  -0.0000000000000000       -0.0000000000000000       -1.0000000000000000     
 tdsetup_s: A matrix =
 A(1,:) =  -1.0000000000000000        0.0000000000000000     
 A(2,:) =  -0.0000000000000000       -1.0000000000000000     
 tdsetup_s: y1 = -0.66666666666666674      z1 = -0.74535599249992979     
 tens_trans input: txx1=  -9.8363164308346740E-002 tyy1=   2.0263926261182948E-002 tzz1= -0.11862709056952959      txy1=   8.1969303590288908E-002 txz1= -0.11669205779796710      tyz1=   5.3051647697298497E-002
 tens_trans matrix A:
 A(1,:) =   1.0000000000000000        0.0000000000000000        0.0000000000000000     
 A(2,:) =   0.0000000000000000       -1.0000000000000000       -0.0000000000000000     
 A(3,:) =   0.0000000000000000        0.0000000000000000       -1.0000000000000000     
 Linearized matrix A_lin:
 A_lin(1-3) =   1.0000000000000000        0.0000000000000000        0.0000000000000000     
 A_lin(4-6) =   0.0000000000000000       -1.0000000000000000        0.0000000000000000     
 A_lin(7-9) =   0.0000000000000000       -0.0000000000000000       -1.0000000000000000     
 Expected MATLAB linearized:
 A_lin(1-3) = -0.000000 0.447214 0.894427
 A_lin(4-6) = -1.000000 -0.000000 0.000000
 A_lin(7-9) = 0.000000 -0.894427 0.447214
 tens_trans output: txx2=  -9.8363164308346740E-002 tyy2=   2.0263926261182948E-002 tzz2= -0.11862709056952959      txy2=  -8.1969303590288908E-002 txz2=  0.11669205779796710      tyz2=   5.3051647697298497E-002
 tdsetup_s: side_vec =   0.0000000000000000        1.0000000000000000        0.0000000000000000     
 tdsetup_s: A matrix =
 A(1,:) =   0.0000000000000000       -1.0000000000000000     
 A(2,:) =   1.0000000000000000        0.0000000000000000     
 tdsetup_s: y1 = -0.74535599249992979      z1 =  -1.3333333333333333     
 tens_trans input: txx1= -0.19867341377303419      tyy1= -0.10053003834489468      tzz1=  -9.8143375428140042E-002 txy1= -0.14350943004060299      txz1= -0.14291276431141473      tyz1=  0.12251255950158321     
 tens_trans matrix A:
 A(1,:) =   1.0000000000000000        0.0000000000000000        0.0000000000000000     
 A(2,:) =   0.0000000000000000        0.0000000000000000        1.0000000000000000     
 A(3,:) =   0.0000000000000000       -1.0000000000000000        0.0000000000000000     
 Linearized matrix A_lin:
 A_lin(1-3) =   1.0000000000000000        0.0000000000000000        0.0000000000000000     
 A_lin(4-6) =   0.0000000000000000        0.0000000000000000       -1.0000000000000000     
 A_lin(7-9) =   0.0000000000000000        1.0000000000000000        0.0000000000000000     
 Expected MATLAB linearized:
 A_lin(1-3) = -0.000000 0.447214 0.894427
 A_lin(4-6) = -1.000000 -0.000000 0.000000
 A_lin(7-9) = 0.000000 -0.894427 0.447214
 tens_trans output: txx2= -0.19867341377303419      tyy2=  -9.8143375428140042E-002 tzz2= -0.10053003834489468      txy2= -0.14291276431141473      txz2=  0.14350943004060299      tyz2= -0.12251255950158321     
 tdsetup_s: side_vec =   0.0000000000000000      -0.66666666666666663       0.74535599249992990     
 tdsetup_s: A matrix =
 A(1,:) =  0.74535599249992990       0.66666666666666663     
 A(2,:) = -0.66666666666666663       0.74535599249992990     
 tdsetup_s: y1 = -0.49690399499995330      z1 =  -1.5555555555555558     
 tens_trans input: txx1= -0.14715859497313480      tyy1=  -9.5647727532365057E-002 tzz1=  -5.1510867440769367E-002 txy1=  -4.2364610404937067E-002 txz1=  0.17579913048146384      tyz1=   9.0078267306840432E-002
 tens_trans matrix A:
 A(1,:) =   1.0000000000000000        0.0000000000000000        0.0000000000000000     
 A(2,:) =   0.0000000000000000       0.74535599249992990      -0.66666666666666663     
 A(3,:) =   0.0000000000000000       0.66666666666666663       0.74535599249992990     
 Linearized matrix A_lin:
 A_lin(1-3) =   1.0000000000000000        0.0000000000000000        0.0000000000000000     
 A_lin(4-6) =   0.0000000000000000       0.74535599249992990       0.66666666666666663     
 A_lin(7-9) =   0.0000000000000000      -0.66666666666666663       0.74535599249992990     
 Expected MATLAB linearized:
 A_lin(1-3) = -0.000000 0.447214 0.894427
 A_lin(4-6) = -1.000000 -0.000000 0.000000
 A_lin(7-9) = 0.000000 -0.894427 0.447214
 tens_trans output: txx2= -0.14715859497313480      tyy2= -0.16555184704431902      tzz2=   1.8393252071184595E-002 txy2= -0.14877613655622060      txz2=  0.10278986177734478      tyz2=  -1.1923085738841181E-002
 tdsetup_s: side_vec =   0.0000000000000000        0.0000000000000000        1.0000000000000000     
 tdsetup_s: A matrix =
 A(1,:) =   1.0000000000000000       -0.0000000000000000     
 A(2,:) =   0.0000000000000000        1.0000000000000000     
 tdsetup_s: y1 =  0.66666666666666674      z1 =  0.74535599249992979     
 tens_trans input: txx1=  0.11516559871680641      tyy1=  0.13889101683071284      tzz1=  -2.3725418113905900E-002 txy1=  0.13435986516960752      txz1=  -9.3705756433453052E-002 tyz1=  -5.3051647697298518E-002
 tens_trans matrix A:
 A(1,:) =   1.0000000000000000        0.0000000000000000        0.0000000000000000     
 A(2,:) =   0.0000000000000000        1.0000000000000000        0.0000000000000000     
 A(3,:) =   0.0000000000000000       -0.0000000000000000        1.0000000000000000     
 Linearized matrix A_lin:
 A_lin(1-3) =   1.0000000000000000        0.0000000000000000        0.0000000000000000     
 A_lin(4-6) =   0.0000000000000000        1.0000000000000000       -0.0000000000000000     
 A_lin(7-9) =   0.0000000000000000        0.0000000000000000        1.0000000000000000     
 Expected MATLAB linearized:
 A_lin(1-3) = -0.000000 0.447214 0.894427
 A_lin(4-6) = -1.000000 -0.000000 0.000000
 A_lin(7-9) = 0.000000 -0.894427 0.447214
 tens_trans output: txx2=  0.11516559871680641      tyy2=  0.13889101683071284      tzz2=  -2.3725418113905900E-002 txy2=  0.13435986516960752      txz2=  -9.3705756433453052E-002 tyz2=  -5.3051647697298518E-002
 tdsetup_s: side_vec =  -0.0000000000000000       -1.0000000000000000       -0.0000000000000000     
 tdsetup_s: A matrix =
 A(1,:) =  -0.0000000000000000        1.0000000000000000     
 A(2,:) =  -1.0000000000000000       -0.0000000000000000     
 tdsetup_s: y1 =  0.74535599249992979      z1 =   1.3333333333333333     
 tens_trans input: txx1=  0.12749715943131654      tyy1=  0.14798087457270603      tzz1=  -2.0483715141389674E-002 txy1= -0.12851577218991722      txz1=  -8.6399624761393123E-002 tyz1=  -1.6409264106987256E-002
 tens_trans matrix A:
 A(1,:) =   1.0000000000000000        0.0000000000000000        0.0000000000000000     
 A(2,:) =   0.0000000000000000       -0.0000000000000000       -1.0000000000000000     
 A(3,:) =   0.0000000000000000        1.0000000000000000       -0.0000000000000000     
 Linearized matrix A_lin:
 A_lin(1-3) =   1.0000000000000000        0.0000000000000000        0.0000000000000000     
 A_lin(4-6) =   0.0000000000000000       -0.0000000000000000        1.0000000000000000     
 A_lin(7-9) =   0.0000000000000000       -1.0000000000000000       -0.0000000000000000     
 Expected MATLAB linearized:
 A_lin(1-3) = -0.000000 0.447214 0.894427
 A_lin(4-6) = -1.000000 -0.000000 0.000000
 A_lin(7-9) = 0.000000 -0.894427 0.447214
 tens_trans output: txx2=  0.12749715943131654      tyy2=  -2.0483715141389674E-002 tzz2=  0.14798087457270603      txy2=   8.6399624761393123E-002 txz2= -0.12851577218991722      tyz2=   1.6409264106987256E-002
 tdsetup_s: side_vec =  -0.0000000000000000       0.66666666666666663      -0.74535599249992990     
 tdsetup_s: A matrix =
 A(1,:) = -0.74535599249992990      -0.66666666666666663     
 A(2,:) =  0.66666666666666663      -0.74535599249992990     
 tdsetup_s: y1 =  0.49690399499995330      z1 =   1.5555555555555558     
 tens_trans input: txx1=  0.20153241490639254      tyy1=  0.22075707772868514      tzz1=  -1.9224662822294875E-002 txy1=  -2.0117425789815527E-002 txz1=  0.20685610599121776      tyz1=  -1.0993540260487572E-002
 tens_trans matrix A:
 A(1,:) =   1.0000000000000000        0.0000000000000000        0.0000000000000000     
 A(2,:) =   0.0000000000000000      -0.74535599249992990       0.66666666666666663     
 A(3,:) =   0.0000000000000000      -0.66666666666666663      -0.74535599249992990     
 Linearized matrix A_lin:
 A_lin(1-3) =   1.0000000000000000        0.0000000000000000        0.0000000000000000     
 A_lin(4-6) =   0.0000000000000000      -0.74535599249992990      -0.66666666666666663     
 A_lin(7-9) =   0.0000000000000000       0.66666666666666663      -0.74535599249992990     
 Expected MATLAB linearized:
 A_lin(1-3) = -0.000000 0.447214 0.894427
 A_lin(4-6) = -1.000000 -0.000000 0.000000
 A_lin(7-9) = 0.000000 -0.894427 0.447214
 tens_trans output: txx2=  0.20153241490639254      tyy2=  0.12502399452195223      tzz2=   7.6508420384438044E-002 txy2=  0.15289871452692347      txz2= -0.14076982099254445      tyz2=  0.11802638113343675     
 Before tensor transformation: exx=  -1.1102230246251565E-016 eyy=  -3.6082248300317588E-016 ezz=  -7.6327832942979512E-016 exy=  -5.5511151231257827E-017 exz=   8.3266726846886741E-017 eyz=  -2.0122792321330962E-016
 tens_trans input: txx1=  -1.1102230246251565E-016 tyy1=  -3.6082248300317588E-016 tzz1=  -7.6327832942979512E-016 txy1=  -5.5511151231257827E-017 txz1=   8.3266726846886741E-017 tyz1=  -2.0122792321330962E-016
 tens_trans matrix A:
 A(1,:) =   0.0000000000000000        1.0000000000000000        0.0000000000000000     
 A(2,:) = -0.44721359549995793        0.0000000000000000       0.89442719099991586     
 A(3,:) =  0.89442719099991586       -0.0000000000000000       0.44721359549995793     
 Linearized matrix A_lin:
 A_lin(1-3) =   0.0000000000000000      -0.44721359549995793       0.89442719099991586     
 A_lin(4-6) =   1.0000000000000000        0.0000000000000000       -0.0000000000000000     
 A_lin(7-9) =   0.0000000000000000       0.89442719099991586       0.44721359549995793     
 Expected MATLAB linearized:
 A_lin(1-3) = -0.000000 0.447214 0.894427
 A_lin(4-6) = -1.000000 -0.000000 0.000000
 A_lin(7-9) = 0.000000 -0.894427 0.447214
 tens_trans output: txx2=  -3.6082248300317588E-016 tyy2=  -6.9944050551384860E-016 tzz2=  -1.7486012637846215E-016 txy2=  -1.5515838457795457E-016 txz2=  -1.3964254612015911E-016 tyz2=  -2.1094237467877971E-016
 After tensor transformation: exx=  -3.6082248300317588E-016 eyy=  -6.9944050551384860E-016 ezz=  -1.7486012637846215E-016 exy=  -1.5515838457795457E-016 exz=  -1.3964254612015911E-016 eyz=  -2.1094237467877971E-016
 === Final tdstress_fs Results ===
 Strain: exx=  -3.6082248300317588E-016 eyy=  -6.9944050551384860E-016 ezz=  -1.7486012637846215E-016 exy=  -1.5515838457795457E-016 exz=  -1.3964254612015911E-016 eyz=  -2.1094237467877971E-016
 Stress: sxx=  -5.8703042427055152E-005 syy=  -7.9020123777695517E-005 szz=  -4.7545301029572329E-005 sxy=  -9.3095030746772735E-006 sxz=  -8.3785527672095466E-006 syz=  -1.2656542480726783E-005
 === DEBUG tdstress_fs END ===
 
 === Main Dislocation Contribution ===
 Stress: Sxx=  -5.8703042427055152E-005 Syy=  -7.9020123777695517E-005 Szz=  -4.7545301029572329E-005 Sxy=  -9.3095030746772735E-006 Sxz=  -8.3785527672095466E-006 Syz=  -1.2656542480726783E-005
 Strain: Exx=  -3.6082248300317588E-016 Eyy=  -6.9944050551384860E-016 Ezz=  -1.7486012637846215E-016 Exy=  -1.5515838457795457E-016 Exz=  -1.3964254612015911E-016 Eyz=  -2.1094237467877971E-016
 === Harmonic Function Contribution ===
 Stress: Sxx=   0.0000000000000000      Syy=   0.0000000000000000      Szz=   0.0000000000000000      Sxy=   0.0000000000000000      Sxz=   0.0000000000000000      Syz=   0.0000000000000000     
 Strain: Exx=   0.0000000000000000      Eyy=   0.0000000000000000      Ezz=   0.0000000000000000      Exy=   0.0000000000000000      Exz=   0.0000000000000000      Eyz=   0.0000000000000000     
 === Image Dislocation Debug ===
 Original triangle: P1=  -1.0000000000000000       -1.0000000000000000       -5.0000000000000000      P2=   1.0000000000000000       -1.0000000000000000       -5.0000000000000000      P3=  -1.0000000000000000        1.0000000000000000       -4.0000000000000000     
 Image triangle: P1_img=  -1.0000000000000000       -1.0000000000000000        5.0000000000000000      P2_img=   1.0000000000000000       -1.0000000000000000        5.0000000000000000      P3_img=  -1.0000000000000000        1.0000000000000000        4.0000000000000000     
 Slip vector: ss=   1.0000000000000000      ds=  -1.0000000000000000      ts=   2.0000000000000000     
 === DEBUG tdstress_fs START ===
 Input: x= -0.33333333333333331      y= -0.33333333333333331      z=  -4.6666666666666670     
 P1=  -1.0000000000000000       -1.0000000000000000        5.0000000000000000      P2=   1.0000000000000000       -1.0000000000000000        5.0000000000000000      P3=  -1.0000000000000000        1.0000000000000000        4.0000000000000000     
 ss=   1.0000000000000000      ds=  -1.0000000000000000      ts=   2.0000000000000000     
 Triangle vertices being used:
   P1 = (  -1.0000000000000000      ,  -1.0000000000000000      ,   5.0000000000000000      )
   P2 = (   1.0000000000000000      ,  -1.0000000000000000      ,   5.0000000000000000      )
   P3 = (  -1.0000000000000000      ,   1.0000000000000000      ,   4.0000000000000000      )
 mu=   30000000000.000000      lambda=   30000000000.000000     
 nu =  0.25000000000000000     
 Slip vector: bx=   2.0000000000000000      by=   1.0000000000000000      bz=  -1.0000000000000000     
 vnorm =  -0.0000000000000000       0.44721359549995793       0.89442719099991586     
 vstrike =  -1.0000000000000000       -0.0000000000000000        0.0000000000000000     
 vdip =   0.0000000000000000      -0.89442719099991586       0.44721359549995793     
 Transformation matrix A:
 A(1,:) =  -0.0000000000000000       -1.0000000000000000        0.0000000000000000     
 A(2,:) =  0.44721359549995793       -0.0000000000000000      -0.89442719099991586     
 A(3,:) =  0.89442719099991586        0.0000000000000000       0.44721359549995793     
 TDCS coordinates:
 Calculation point: x_td=  -8.3479871159992154      y_td=   1.3333333333333333      z_td=  -4.9193495504995379     
 p1_td =   0.0000000000000000        2.0000000000000000        0.0000000000000000     
 p2_td =   0.0000000000000000        0.0000000000000000        0.0000000000000000     
 p3_td =   0.0000000000000000        2.0000000000000000       -2.2360679774997898     
 Unit vectors along TD sides:
 e12 =   0.0000000000000000       -1.0000000000000000        0.0000000000000000     
 e13 =   0.0000000000000000        0.0000000000000000       -1.0000000000000000     
 e23 =   0.0000000000000000       0.66666666666666663      -0.74535599249992990     
 Triangle angles:
 A_angle =   1.5707963267948966      rad =   90.000000000000000      deg
 B_angle =  0.84106867056793033      rad =   48.189685104221404      deg
 C_angle =  0.72972765622696634      rad =   41.810314895778596      deg
 Configuration:
 trimode =           1
 casep_log = T
 casen_log = F
 casez_log = F
 === Configuration I (casep_log) ===
 First angular dislocation: A_angle=   1.5707963267948966      p1_td=   0.0000000000000000        2.0000000000000000        0.0000000000000000      -e13=  -0.0000000000000000       -0.0000000000000000        1.0000000000000000     
 tdsetup_s: side_vec =  -0.0000000000000000       -0.0000000000000000        1.0000000000000000     
 tdsetup_s: A matrix =
 A(1,:) =   1.0000000000000000        0.0000000000000000     
 A(2,:) =  -0.0000000000000000        1.0000000000000000     
 tdsetup_s: y1 = -0.66666666666666674      z1 =  -4.9193495504995379     
 tens_trans input: txx1=  -1.0527888760276544E-002 tyy1=  -1.6232788273183719E-003 tzz1=  -1.4491518683286337E-003 txy1=  -1.0433168374363463E-003 txz1=   9.2643100827142751E-004 tyz1=   5.5652821232211897E-003
 tens_trans matrix A:
 A(1,:) =   1.0000000000000000        0.0000000000000000        0.0000000000000000     
 A(2,:) =   0.0000000000000000        1.0000000000000000       -0.0000000000000000     
 A(3,:) =   0.0000000000000000        0.0000000000000000        1.0000000000000000     
 Linearized matrix A_lin:
 A_lin(1-3) =   1.0000000000000000        0.0000000000000000        0.0000000000000000     
 A_lin(4-6) =   0.0000000000000000        1.0000000000000000        0.0000000000000000     
 A_lin(7-9) =   0.0000000000000000       -0.0000000000000000        1.0000000000000000     
 Expected MATLAB linearized:
 A_lin(1-3) = -0.000000 0.447214 0.894427
 A_lin(4-6) = -1.000000 -0.000000 0.000000
 A_lin(7-9) = 0.000000 -0.894427 0.447214
 tens_trans output: txx2=  -1.0527888760276544E-002 tyy2=  -1.6232788273183719E-003 tzz2=  -1.4491518683286337E-003 txy2=  -1.0433168374363463E-003 txz2=   9.2643100827142751E-004 tyz2=   5.5652821232211897E-003
 After first: exx=  -1.0527888760276544E-002 eyy=  -1.6232788273183719E-003 ezz=  -1.4491518683286337E-003 exy=  -1.0433168374363463E-003 exz=   9.2643100827142751E-004 eyz=   5.5652821232211897E-003
 Second angular dislocation: B_angle=  0.84106867056793033      p2_td=   0.0000000000000000        0.0000000000000000        0.0000000000000000      e12=   0.0000000000000000       -1.0000000000000000        0.0000000000000000     
 tdsetup_s: side_vec =   0.0000000000000000       -1.0000000000000000        0.0000000000000000     
 tdsetup_s: A matrix =
 A(1,:) =   0.0000000000000000        1.0000000000000000     
 A(2,:) =  -1.0000000000000000        0.0000000000000000     
 tdsetup_s: y1 =  -4.9193495504995379      z1 =  -1.3333333333333333     
 tens_trans input: txx1=   2.0340933577603467E-002 tyy1=   6.7731065558453082E-003 tzz1=  -1.4175164174763893E-002 txy1=  -1.6596762439123173E-002 txz1=   1.3513252308706545E-002 tyz1=   7.0386029056305754E-003
 tens_trans matrix A:
 A(1,:) =   1.0000000000000000        0.0000000000000000        0.0000000000000000     
 A(2,:) =   0.0000000000000000        0.0000000000000000       -1.0000000000000000     
 A(3,:) =   0.0000000000000000        1.0000000000000000        0.0000000000000000     
 Linearized matrix A_lin:
 A_lin(1-3) =   1.0000000000000000        0.0000000000000000        0.0000000000000000     
 A_lin(4-6) =   0.0000000000000000        0.0000000000000000        1.0000000000000000     
 A_lin(7-9) =   0.0000000000000000       -1.0000000000000000        0.0000000000000000     
 Expected MATLAB linearized:
 A_lin(1-3) = -0.000000 0.447214 0.894427
 A_lin(4-6) = -1.000000 -0.000000 0.000000
 A_lin(7-9) = 0.000000 -0.894427 0.447214
 tens_trans output: txx2=   2.0340933577603467E-002 tyy2=  -1.4175164174763893E-002 tzz2=   6.7731065558453082E-003 txy2=  -1.3513252308706545E-002 txz2=  -1.6596762439123173E-002 tyz2=  -7.0386029056305754E-003
 Second contribution: exx=   2.0340933577603467E-002 eyy=  -1.4175164174763893E-002 ezz=   6.7731065558453082E-003 exy=  -1.3513252308706545E-002 exz=  -1.6596762439123173E-002 eyz=  -7.0386029056305754E-003
 After second: exx=   9.8130448173269231E-003 eyy=  -1.5798443002082264E-002 ezz=   5.3239546875166743E-003 exy=  -1.4556569146142891E-002 exz=  -1.5670331430851746E-002 eyz=  -1.4733207824093857E-003
 Third angular dislocation: C_angle=  0.72972765622696634      p3_td=   0.0000000000000000        2.0000000000000000       -2.2360679774997898      e23=   0.0000000000000000       0.66666666666666663      -0.74535599249992990     
 tdsetup_s: side_vec =   0.0000000000000000       0.66666666666666663      -0.74535599249992990     
 tdsetup_s: A matrix =
 A(1,:) = -0.74535599249992990      -0.66666666666666663     
 A(2,:) =  0.66666666666666663      -0.74535599249992990     
 tdsetup_s: y1 =   2.2857583769997851      z1 =   1.5555555555555560     
 tens_trans input: txx1=  -1.0302153376027523E-002 tyy1=   8.0666031526424840E-003 tzz1=   2.6600537398867021E-003 txy1=  -2.0826564076802622E-002 txz1=  -1.2326592168029943E-003 tyz1=  -1.0578032471958597E-002
 tens_trans matrix A:
 A(1,:) =   1.0000000000000000        0.0000000000000000        0.0000000000000000     
 A(2,:) =   0.0000000000000000      -0.74535599249992990       0.66666666666666663     
 A(3,:) =   0.0000000000000000      -0.66666666666666663      -0.74535599249992990     
 Linearized matrix A_lin:
 A_lin(1-3) =   1.0000000000000000        0.0000000000000000        0.0000000000000000     
 A_lin(4-6) =   0.0000000000000000      -0.74535599249992990      -0.66666666666666663     
 A_lin(7-9) =   0.0000000000000000       0.66666666666666663      -0.74535599249992990     
 Expected MATLAB linearized:
 A_lin(1-3) = -0.000000 0.447214 0.894427
 A_lin(4-6) = -1.000000 -0.000000 0.000000
 A_lin(7-9) = 0.000000 -0.894427 0.447214
 tens_trans output: txx2=  -1.0302153376027523E-002 tyy2=   1.6176225491639717E-002 tzz2=  -5.4495685991105321E-003 txy2=   1.4701431526626608E-002 txz2=   1.4803145985156130E-002 tyz2=   1.5111990610342653E-003
 Third contribution: exx=  -1.0302153376027523E-002 eyy=   1.6176225491639717E-002 ezz=  -5.4495685991105321E-003 exy=   1.4701431526626608E-002 exz=   1.4803145985156130E-002 eyz=   1.5111990610342653E-003
 After third: exx=  -4.8910855870059992E-004 eyy=   3.7778248955745372E-004 ezz=  -1.2561391159385780E-004 exy=   1.4486238048371652E-004 exz=  -8.6718544569561531E-004 eyz=   3.7878278624879549E-005
 Before tensor transformation: exx=  -4.8910855870059992E-004 eyy=   3.7778248955745372E-004 ezz=  -1.2561391159385780E-004 exy=   1.4486238048371652E-004 exz=  -8.6718544569561531E-004 eyz=   3.7878278624879549E-005
 tens_trans input: txx1=  -4.8910855870059992E-004 tyy1=   3.7778248955745372E-004 tzz1=  -1.2561391159385780E-004 txy1=   1.4486238048371652E-004 txz1=  -8.6718544569561531E-004 tyz1=   3.7878278624879549E-005
 tens_trans matrix A:
 A(1,:) =  -0.0000000000000000       -1.0000000000000000        0.0000000000000000     
 A(2,:) =  0.44721359549995793       -0.0000000000000000      -0.89442719099991586     
 A(3,:) =  0.89442719099991586        0.0000000000000000       0.44721359549995793     
 Linearized matrix A_lin:
 A_lin(1-3) =  -0.0000000000000000       0.44721359549995793       0.89442719099991586     
 A_lin(4-6) =  -1.0000000000000000       -0.0000000000000000        0.0000000000000000     
 A_lin(7-9) =   0.0000000000000000      -0.89442719099991586       0.44721359549995793     
 Expected MATLAB linearized:
 A_lin(1-3) = -0.000000 0.447214 0.894427
 A_lin(4-6) = -1.000000 -0.000000 0.000000
 A_lin(7-9) = 0.000000 -0.894427 0.447214
 tens_trans output: txx2=   3.7778248955745372E-004 tyy2=   4.9543551554128600E-004 tzz2=  -1.1101579858357438E-003 txy2=  -3.0905063678442629E-005 txz2=  -1.4650853323279318E-004 tyz2=   3.7491340857467235E-004
 After tensor transformation: exx=   3.7778248955745372E-004 eyy=   4.9543551554128600E-004 ezz=  -1.1101579858357438E-003 exy=  -3.0905063678442629E-005 exz=  -1.4650853323279318E-004 eyz=   3.7491340857467235E-004
 === Final tdstress_fs Results ===
 Strain: exx=   3.7778248955745372E-004 eyy=   4.9543551554128600E-004 ezz=  -1.1101579858357438E-003 exy=  -3.0905063678442629E-005 exz=  -1.4650853323279318E-004 eyz=   3.7491340857467235E-004
 Stress: sxx=   15558749.951337099      syy=   22617931.510367036      szz=  -73717678.572254747      sxy=  -1854303.8207065577      sxz=  -8790511.9939675909      syz=   22494804.514480341     
 === DEBUG tdstress_fs END ===
 
 === Image Dislocation Contribution ===
 Stress: Sxx=   15558749.951337099      Syy=   22617931.510367036      Szz=  -73717678.572254747      Sxy=  -1854303.8207065577      Sxz=  -8790511.9939675909      Syz=   22494804.514480341     
 Strain: Exx=   3.7778248955745372E-004 Eyy=   4.9543551554128600E-004 Ezz=  -1.1101579858357438E-003 Exy=  -3.0905063678442629E-005 Exz=  -1.4650853323279318E-004 Eyz=   3.7491340857467235E-004
 === Total Results ===
 Stress: Sxx=   15558749.951278396      Syy=   22617931.510288015      Szz=  -73717678.572302297      Sxy=  -1854303.8207158672      Sxz=  -8790511.9939759690      Syz=   22494804.514467686     
 Strain: Exx=   3.7778248955709290E-004 Eyy=   4.9543551554058658E-004 Ezz=  -1.1101579858359186E-003 Exy=  -3.0905063678597785E-005 Exz=  -1.4650853323293283E-004 Eyz=   3.7491340857446142E-004
 === Final Results ===
 Stress tensor:
   Sxx =   15558749.951278396     
   Syy =   22617931.510288015     
   Szz =  -73717678.572302297     
   Sxy =  -1854303.8207158672     
   Sxz =  -8790511.9939759690     
   Syz =   22494804.514467686     
 
 Strain tensor:
   Exx =   3.7778248955709290E-004
   Eyy =   4.9543551554058658E-004
   Ezz =  -1.1101579858359186E-003
   Exy =  -3.0905063678597785E-005
   Exz =  -1.4650853323293283E-004
   Eyz =   3.7491340857446142E-004
 
